Analysis & Synthesis report for Mips
Thu Apr 26 00:28:02 2018
Quartus II Version 9.1 Build 350 03/24/2010 Service Pack 2 SJ Web Edition


---------------------
; Table of Contents ;
---------------------
  1. Legal Notice
  2. Analysis & Synthesis Summary
  3. Analysis & Synthesis Settings
  4. Parallel Compilation
  5. Analysis & Synthesis Source Files Read
  6. Analysis & Synthesis Resource Usage Summary
  7. Analysis & Synthesis Resource Utilization by Entity
  8. Analysis & Synthesis RAM Summary
  9. State Machine - |Mips|Controle:CONTROLE|estadoAtual
 10. Registers Removed During Synthesis
 11. Removed Registers Triggering Further Register Optimizations
 12. General Register Statistics
 13. Source assignments for Memoria:MEMORIA|LPM_RAM_DQ:MEM|altram:sram|altsyncram:ram_block|altsyncram_e1a1:auto_generated
 14. Source assignments for Memoria:MEMORIA|LPM_RAM_DQ:MEM_plus_One|altram:sram|altsyncram:ram_block|altsyncram_e1a1:auto_generated
 15. Source assignments for Memoria:MEMORIA|LPM_RAM_DQ:MEM_plus_Two|altram:sram|altsyncram:ram_block|altsyncram_e1a1:auto_generated
 16. Source assignments for Memoria:MEMORIA|LPM_RAM_DQ:MEM_plus_Three|altram:sram|altsyncram:ram_block|altsyncram_e1a1:auto_generated
 17. Parameter Settings for User Entity Instance: Memoria:MEMORIA|LPM_RAM_DQ:MEM
 18. Parameter Settings for User Entity Instance: Memoria:MEMORIA|LPM_RAM_DQ:MEM_plus_One
 19. Parameter Settings for User Entity Instance: Memoria:MEMORIA|LPM_RAM_DQ:MEM_plus_Two
 20. Parameter Settings for User Entity Instance: Memoria:MEMORIA|LPM_RAM_DQ:MEM_plus_Three
 21. Port Connectivity Checks: "Registrador:REG_ALU"
 22. Port Connectivity Checks: "Mux_4_1_32Bits:MUX_PC"
 23. Port Connectivity Checks: "Ula32:ULA"
 24. Port Connectivity Checks: "Mux_4_1_32Bits:MUX_ULA_B"
 25. Port Connectivity Checks: "Registrador:REG_B"
 26. Port Connectivity Checks: "Registrador:REG_A"
 27. Port Connectivity Checks: "Banco_reg:BANCO_REG"
 28. Port Connectivity Checks: "Mux_2_1_32Bits:MUX_ESCRITA"
 29. Port Connectivity Checks: "Mux_2_1_5Bits:MUX_SEL_REG"
 30. Port Connectivity Checks: "Registrador:MDR"
 31. Port Connectivity Checks: "Mux_2_1_32Bits:MUX_MEMORIA"
 32. Port Connectivity Checks: "Controle:CONTROLE"
 33. Analysis & Synthesis Messages
 34. Analysis & Synthesis Suppressed Messages



----------------
; Legal Notice ;
----------------
Copyright (C) 1991-2010 Altera Corporation
Your use of Altera Corporation's design tools, logic functions 
and other software and tools, and its AMPP partner logic 
functions, and any output files from any of the foregoing 
(including device programming or simulation files), and any 
associated documentation or information are expressly subject 
to the terms and conditions of the Altera Program License 
Subscription Agreement, Altera MegaCore Function License 
Agreement, or other applicable license agreement, including, 
without limitation, that your use is for the sole purpose of 
programming logic devices manufactured by Altera and sold by 
Altera or its authorized distributors.  Please refer to the 
applicable agreement for further details.



+-----------------------------------------------------------------------------------+
; Analysis & Synthesis Summary                                                      ;
+------------------------------------+----------------------------------------------+
; Analysis & Synthesis Status        ; Successful - Thu Apr 26 00:28:02 2018        ;
; Quartus II Version                 ; 9.1 Build 350 03/24/2010 SP 2 SJ Web Edition ;
; Revision Name                      ; Mips                                         ;
; Top-level Entity Name              ; Mips                                         ;
; Family                             ; Cyclone II                                   ;
; Total logic elements               ; 78                                           ;
;     Total combinational functions  ; 44                                           ;
;     Dedicated logic registers      ; 67                                           ;
; Total registers                    ; 67                                           ;
; Total pins                         ; 162                                          ;
; Total virtual pins                 ; 0                                            ;
; Total memory bits                  ; 8,192                                        ;
; Embedded Multiplier 9-bit elements ; 0                                            ;
; Total PLLs                         ; 0                                            ;
+------------------------------------+----------------------------------------------+


+----------------------------------------------------------------------------------------------------------------------+
; Analysis & Synthesis Settings                                                                                        ;
+----------------------------------------------------------------------------+--------------------+--------------------+
; Option                                                                     ; Setting            ; Default Value      ;
+----------------------------------------------------------------------------+--------------------+--------------------+
; Device                                                                     ; EP2C70F672C6       ;                    ;
; Top-level entity name                                                      ; Mips               ; Mips               ;
; Family name                                                                ; Cyclone II         ; Stratix II         ;
; Use Generated Physical Constraints File                                    ; Off                ;                    ;
; HDL message level                                                          ; Level1             ; Level2             ;
; Use smart compilation                                                      ; Off                ; Off                ;
; Enable parallel Assembler and TimeQuest Timing Analyzer during compilation ; On                 ; On                 ;
; Enable compact report table                                                ; Off                ; Off                ;
; Restructure Multiplexers                                                   ; Auto               ; Auto               ;
; Create Debugging Nodes for IP Cores                                        ; Off                ; Off                ;
; Preserve fewer node names                                                  ; On                 ; On                 ;
; Disable OpenCore Plus hardware evaluation                                  ; Off                ; Off                ;
; Verilog Version                                                            ; Verilog_2001       ; Verilog_2001       ;
; VHDL Version                                                               ; VHDL_1993          ; VHDL_1993          ;
; State Machine Processing                                                   ; Auto               ; Auto               ;
; Safe State Machine                                                         ; Off                ; Off                ;
; Extract Verilog State Machines                                             ; On                 ; On                 ;
; Extract VHDL State Machines                                                ; On                 ; On                 ;
; Ignore Verilog initial constructs                                          ; Off                ; Off                ;
; Iteration limit for constant Verilog loops                                 ; 5000               ; 5000               ;
; Iteration limit for non-constant Verilog loops                             ; 250                ; 250                ;
; Add Pass-Through Logic to Inferred RAMs                                    ; On                 ; On                 ;
; Parallel Synthesis                                                         ; On                 ; On                 ;
; DSP Block Balancing                                                        ; Auto               ; Auto               ;
; NOT Gate Push-Back                                                         ; On                 ; On                 ;
; Power-Up Don't Care                                                        ; On                 ; On                 ;
; Remove Redundant Logic Cells                                               ; Off                ; Off                ;
; Remove Duplicate Registers                                                 ; On                 ; On                 ;
; Ignore CARRY Buffers                                                       ; Off                ; Off                ;
; Ignore CASCADE Buffers                                                     ; Off                ; Off                ;
; Ignore GLOBAL Buffers                                                      ; Off                ; Off                ;
; Ignore ROW GLOBAL Buffers                                                  ; Off                ; Off                ;
; Ignore LCELL Buffers                                                       ; Off                ; Off                ;
; Ignore SOFT Buffers                                                        ; On                 ; On                 ;
; Limit AHDL Integers to 32 Bits                                             ; Off                ; Off                ;
; Optimization Technique                                                     ; Balanced           ; Balanced           ;
; Carry Chain Length                                                         ; 70                 ; 70                 ;
; Auto Carry Chains                                                          ; On                 ; On                 ;
; Auto Open-Drain Pins                                                       ; On                 ; On                 ;
; Perform WYSIWYG Primitive Resynthesis                                      ; Off                ; Off                ;
; Auto ROM Replacement                                                       ; On                 ; On                 ;
; Auto RAM Replacement                                                       ; On                 ; On                 ;
; Auto Shift Register Replacement                                            ; Auto               ; Auto               ;
; Auto Clock Enable Replacement                                              ; On                 ; On                 ;
; Strict RAM Replacement                                                     ; Off                ; Off                ;
; Allow Synchronous Control Signals                                          ; On                 ; On                 ;
; Force Use of Synchronous Clear Signals                                     ; Off                ; Off                ;
; Auto RAM to Logic Cell Conversion                                          ; Off                ; Off                ;
; Auto Resource Sharing                                                      ; Off                ; Off                ;
; Allow Any RAM Size For Recognition                                         ; Off                ; Off                ;
; Allow Any ROM Size For Recognition                                         ; Off                ; Off                ;
; Allow Any Shift Register Size For Recognition                              ; Off                ; Off                ;
; Use LogicLock Constraints during Resource Balancing                        ; On                 ; On                 ;
; Ignore translate_off and synthesis_off directives                          ; Off                ; Off                ;
; Timing-Driven Synthesis                                                    ; Off                ; Off                ;
; Show Parameter Settings Tables in Synthesis Report                         ; On                 ; On                 ;
; Ignore Maximum Fan-Out Assignments                                         ; Off                ; Off                ;
; Synchronization Register Chain Length                                      ; 2                  ; 2                  ;
; PowerPlay Power Optimization                                               ; Normal compilation ; Normal compilation ;
; Suppress Register Optimization Related Messages                            ; Off                ; Off                ;
; Number of Removed Registers Reported in Synthesis Report                   ; 5000               ; 5000               ;
; Number of Inverted Registers Reported in Synthesis Report                  ; 100                ; 100                ;
; Clock MUX Protection                                                       ; On                 ; On                 ;
; Auto Gated Clock Conversion                                                ; Off                ; Off                ;
; Block Design Naming                                                        ; Auto               ; Auto               ;
; SDC constraint protection                                                  ; Off                ; Off                ;
; Synthesis Effort                                                           ; Auto               ; Auto               ;
; Shift Register Replacement - Allow Asynchronous Clear Signal               ; On                 ; On                 ;
; Analysis & Synthesis Message Level                                         ; Medium             ; Medium             ;
; Disable Register Merging Across Hierarchies                                ; Auto               ; Auto               ;
; Resource Aware Inference For Block RAM                                     ; On                 ; On                 ;
+----------------------------------------------------------------------------+--------------------+--------------------+


Parallel compilation was disabled, but you have multiple processors available. Enable parallel compilation to reduce compilation time.
+-------------------------------------+
; Parallel Compilation                ;
+----------------------------+--------+
; Processors                 ; Number ;
+----------------------------+--------+
; Number detected on machine ; 2      ;
; Maximum allowed            ; 1      ;
+----------------------------+--------+


+-------------------------------------------------------------------------------------------------------------------------------------------------------------------------------------------------+
; Analysis & Synthesis Source Files Read                                                                                                                                                          ;
+--------------------------------------------+-----------------+------------------------------+---------------------------------------------------------------------------------------------------+
; File Name with User-Entered Path           ; Used in Netlist ; File Type                    ; File Name with Absolute Path                                                                      ;
+--------------------------------------------+-----------------+------------------------------+---------------------------------------------------------------------------------------------------+
; Mips.sv                                    ; yes             ; User SystemVerilog HDL File  ; C:/Users/Gabriel Alves/Documents/InfraHard/projeto/Mips.sv                                        ;
; Componentes do Projeto/Memoria.vhd         ; yes             ; User VHDL File               ; C:/Users/Gabriel Alves/Documents/InfraHard/projeto/Componentes do Projeto/Memoria.vhd             ;
; Componentes do Projeto/Registrador.vhd     ; yes             ; User VHDL File               ; C:/Users/Gabriel Alves/Documents/InfraHard/projeto/Componentes do Projeto/Registrador.vhd         ;
; Componentes do Projeto/Instr_Reg.vhd       ; yes             ; User VHDL File               ; C:/Users/Gabriel Alves/Documents/InfraHard/projeto/Componentes do Projeto/Instr_Reg.vhd           ;
; Componentes do Projeto/ula32.vhd           ; yes             ; User VHDL File               ; C:/Users/Gabriel Alves/Documents/InfraHard/projeto/Componentes do Projeto/ula32.vhd               ;
; Componentes do Projeto/Mux_2_1_32Bits.sv   ; yes             ; User SystemVerilog HDL File  ; C:/Users/Gabriel Alves/Documents/InfraHard/projeto/Componentes do Projeto/Mux_2_1_32Bits.sv       ;
; Componentes do Projeto/Extensor_Sinal.sv   ; yes             ; User SystemVerilog HDL File  ; C:/Users/Gabriel Alves/Documents/InfraHard/projeto/Componentes do Projeto/Extensor_Sinal.sv       ;
; Componentes do Projeto/Controle.sv         ; yes             ; User SystemVerilog HDL File  ; C:/Users/Gabriel Alves/Documents/InfraHard/projeto/Componentes do Projeto/Controle.sv             ;
; Componentes do Projeto/Banco_reg.vhd       ; yes             ; User VHDL File               ; C:/Users/Gabriel Alves/Documents/InfraHard/projeto/Componentes do Projeto/Banco_reg.vhd           ;
; Componentes do Projeto/Mux_4_1_32Bits.sv   ; yes             ; User SystemVerilog HDL File  ; C:/Users/Gabriel Alves/Documents/InfraHard/projeto/Componentes do Projeto/Mux_4_1_32Bits.sv       ;
; Componentes do Projeto/Mux_2_1_5Bits.sv    ; yes             ; User SystemVerilog HDL File  ; C:/Users/Gabriel Alves/Documents/InfraHard/projeto/Componentes do Projeto/Mux_2_1_5Bits.sv        ;
; Componentes do Projeto/Shift_Left_26_28.sv ; yes             ; User SystemVerilog HDL File  ; C:/Users/Gabriel Alves/Documents/InfraHard/projeto/Componentes do Projeto/Shift_Left_26_28.sv     ;
; Componentes do Projeto/Shift_Left_32_32.sv ; yes             ; User SystemVerilog HDL File  ; C:/Users/Gabriel Alves/Documents/InfraHard/projeto/Componentes do Projeto/Shift_Left_32_32.sv     ;
; lpm_ram_dq.tdf                             ; yes             ; Megafunction                 ; c:/users/gabriel alves/documents/infrahard/quartus/quartus/libraries/megafunctions/lpm_ram_dq.tdf ;
; altram.tdf                                 ; yes             ; Megafunction                 ; c:/users/gabriel alves/documents/infrahard/quartus/quartus/libraries/megafunctions/altram.tdf     ;
; altsyncram.tdf                             ; yes             ; Megafunction                 ; c:/users/gabriel alves/documents/infrahard/quartus/quartus/libraries/megafunctions/altsyncram.tdf ;
; db/altsyncram_e1a1.tdf                     ; yes             ; Auto-Generated Megafunction  ; C:/Users/Gabriel Alves/Documents/InfraHard/projeto/db/altsyncram_e1a1.tdf                         ;
+--------------------------------------------+-----------------+------------------------------+---------------------------------------------------------------------------------------------------+


+-----------------------------------------------------+
; Analysis & Synthesis Resource Usage Summary         ;
+---------------------------------------------+-------+
; Resource                                    ; Usage ;
+---------------------------------------------+-------+
; Estimated Total logic elements              ; 78    ;
;                                             ;       ;
; Total combinational functions               ; 44    ;
; Logic element usage by number of LUT inputs ;       ;
;     -- 4 input functions                    ; 19    ;
;     -- 3 input functions                    ; 12    ;
;     -- <=2 input functions                  ; 13    ;
;                                             ;       ;
; Logic elements by mode                      ;       ;
;     -- normal mode                          ; 44    ;
;     -- arithmetic mode                      ; 0     ;
;                                             ;       ;
; Total registers                             ; 67    ;
;     -- Dedicated logic registers            ; 67    ;
;     -- I/O registers                        ; 0     ;
;                                             ;       ;
; I/O pins                                    ; 162   ;
; Total memory bits                           ; 8192  ;
; Maximum fan-out node                        ; clk   ;
; Maximum fan-out                             ; 99    ;
; Total fan-out                               ; 802   ;
; Average fan-out                             ; 2.63  ;
+---------------------------------------------+-------+


+----------------------------------------------------------------------------------------------------------------------------------------------------------------------------------------------------------------------------------------------------------------------------------------------+
; Analysis & Synthesis Resource Utilization by Entity                                                                                                                                                                                                                                          ;
+-------------------------------------------------+-------------------+--------------+-------------+--------------+---------+-----------+------+--------------+-----------------------------------------------------------------------------------------------------------------+--------------+
; Compilation Hierarchy Node                      ; LC Combinationals ; LC Registers ; Memory Bits ; DSP Elements ; DSP 9x9 ; DSP 18x18 ; Pins ; Virtual Pins ; Full Hierarchy Name                                                                                             ; Library Name ;
+-------------------------------------------------+-------------------+--------------+-------------+--------------+---------+-----------+------+--------------+-----------------------------------------------------------------------------------------------------------------+--------------+
; |Mips                                           ; 44 (1)            ; 67 (0)       ; 8192        ; 0            ; 0       ; 0         ; 162  ; 0            ; |Mips                                                                                                           ; work         ;
;    |Controle:CONTROLE|                          ; 3 (3)             ; 5 (5)        ; 0           ; 0            ; 0       ; 0         ; 0    ; 0            ; |Mips|Controle:CONTROLE                                                                                         ;              ;
;    |Instr_Reg:REG_INST|                         ; 0 (0)             ; 32 (32)      ; 0           ; 0            ; 0       ; 0         ; 0    ; 0            ; |Mips|Instr_Reg:REG_INST                                                                                        ; work         ;
;    |Memoria:MEMORIA|                            ; 0 (0)             ; 0 (0)        ; 8192        ; 0            ; 0       ; 0         ; 0    ; 0            ; |Mips|Memoria:MEMORIA                                                                                           ; work         ;
;       |lpm_ram_dq:MEM_plus_One|                 ; 0 (0)             ; 0 (0)        ; 2048        ; 0            ; 0       ; 0         ; 0    ; 0            ; |Mips|Memoria:MEMORIA|lpm_ram_dq:MEM_plus_One                                                                   ; work         ;
;          |altram:sram|                          ; 0 (0)             ; 0 (0)        ; 2048        ; 0            ; 0       ; 0         ; 0    ; 0            ; |Mips|Memoria:MEMORIA|lpm_ram_dq:MEM_plus_One|altram:sram                                                       ; work         ;
;             |altsyncram:ram_block|              ; 0 (0)             ; 0 (0)        ; 2048        ; 0            ; 0       ; 0         ; 0    ; 0            ; |Mips|Memoria:MEMORIA|lpm_ram_dq:MEM_plus_One|altram:sram|altsyncram:ram_block                                  ;              ;
;                |altsyncram_e1a1:auto_generated| ; 0 (0)             ; 0 (0)        ; 2048        ; 0            ; 0       ; 0         ; 0    ; 0            ; |Mips|Memoria:MEMORIA|lpm_ram_dq:MEM_plus_One|altram:sram|altsyncram:ram_block|altsyncram_e1a1:auto_generated   ;              ;
;       |lpm_ram_dq:MEM_plus_Three|               ; 0 (0)             ; 0 (0)        ; 2048        ; 0            ; 0       ; 0         ; 0    ; 0            ; |Mips|Memoria:MEMORIA|lpm_ram_dq:MEM_plus_Three                                                                 ;              ;
;          |altram:sram|                          ; 0 (0)             ; 0 (0)        ; 2048        ; 0            ; 0       ; 0         ; 0    ; 0            ; |Mips|Memoria:MEMORIA|lpm_ram_dq:MEM_plus_Three|altram:sram                                                     ;              ;
;             |altsyncram:ram_block|              ; 0 (0)             ; 0 (0)        ; 2048        ; 0            ; 0       ; 0         ; 0    ; 0            ; |Mips|Memoria:MEMORIA|lpm_ram_dq:MEM_plus_Three|altram:sram|altsyncram:ram_block                                ; work         ;
;                |altsyncram_e1a1:auto_generated| ; 0 (0)             ; 0 (0)        ; 2048        ; 0            ; 0       ; 0         ; 0    ; 0            ; |Mips|Memoria:MEMORIA|lpm_ram_dq:MEM_plus_Three|altram:sram|altsyncram:ram_block|altsyncram_e1a1:auto_generated ; work         ;
;       |lpm_ram_dq:MEM_plus_Two|                 ; 0 (0)             ; 0 (0)        ; 2048        ; 0            ; 0       ; 0         ; 0    ; 0            ; |Mips|Memoria:MEMORIA|lpm_ram_dq:MEM_plus_Two                                                                   ;              ;
;          |altram:sram|                          ; 0 (0)             ; 0 (0)        ; 2048        ; 0            ; 0       ; 0         ; 0    ; 0            ; |Mips|Memoria:MEMORIA|lpm_ram_dq:MEM_plus_Two|altram:sram                                                       ;              ;
;             |altsyncram:ram_block|              ; 0 (0)             ; 0 (0)        ; 2048        ; 0            ; 0       ; 0         ; 0    ; 0            ; |Mips|Memoria:MEMORIA|lpm_ram_dq:MEM_plus_Two|altram:sram|altsyncram:ram_block                                  ;              ;
;                |altsyncram_e1a1:auto_generated| ; 0 (0)             ; 0 (0)        ; 2048        ; 0            ; 0       ; 0         ; 0    ; 0            ; |Mips|Memoria:MEMORIA|lpm_ram_dq:MEM_plus_Two|altram:sram|altsyncram:ram_block|altsyncram_e1a1:auto_generated   ;              ;
;       |lpm_ram_dq:MEM|                          ; 0 (0)             ; 0 (0)        ; 2048        ; 0            ; 0       ; 0         ; 0    ; 0            ; |Mips|Memoria:MEMORIA|lpm_ram_dq:MEM                                                                            ; work         ;
;          |altram:sram|                          ; 0 (0)             ; 0 (0)        ; 2048        ; 0            ; 0       ; 0         ; 0    ; 0            ; |Mips|Memoria:MEMORIA|lpm_ram_dq:MEM|altram:sram                                                                ; work         ;
;             |altsyncram:ram_block|              ; 0 (0)             ; 0 (0)        ; 2048        ; 0            ; 0       ; 0         ; 0    ; 0            ; |Mips|Memoria:MEMORIA|lpm_ram_dq:MEM|altram:sram|altsyncram:ram_block                                           ; work         ;
;                |altsyncram_e1a1:auto_generated| ; 0 (0)             ; 0 (0)        ; 2048        ; 0            ; 0       ; 0         ; 0    ; 0            ; |Mips|Memoria:MEMORIA|lpm_ram_dq:MEM|altram:sram|altsyncram:ram_block|altsyncram_e1a1:auto_generated            ; work         ;
;    |Registrador:PC|                             ; 1 (1)             ; 30 (30)      ; 0           ; 0            ; 0       ; 0         ; 0    ; 0            ; |Mips|Registrador:PC                                                                                            ;              ;
;    |Ula32:ULA|                                  ; 39 (39)           ; 0 (0)        ; 0           ; 0            ; 0       ; 0         ; 0    ; 0            ; |Mips|Ula32:ULA                                                                                                 ; work         ;
+-------------------------------------------------+-------------------+--------------+-------------+--------------+---------+-----------+------+--------------+-----------------------------------------------------------------------------------------------------------------+--------------+
Note: For table entries with two numbers listed, the numbers in parentheses indicate the number of resources of the given type used by the specific entity alone. The numbers listed outside of parentheses indicate the total resources of the given type used by the specific entity and all of its sub-entities in the hierarchy.


+-------------------------------------------------------------------------------------------------------------------------------------------------------------------------------------------------------------------------------+
; Analysis & Synthesis RAM Summary                                                                                                                                                                                              ;
+----------------------------------------------------------------------------------------------------------------------+------+-------------+--------------+--------------+--------------+--------------+------+----------------+
; Name                                                                                                                 ; Type ; Mode        ; Port A Depth ; Port A Width ; Port B Depth ; Port B Width ; Size ; MIF            ;
+----------------------------------------------------------------------------------------------------------------------+------+-------------+--------------+--------------+--------------+--------------+------+----------------+
; Memoria:MEMORIA|lpm_ram_dq:MEM_plus_One|altram:sram|altsyncram:ram_block|altsyncram_e1a1:auto_generated|ALTSYNCRAM   ; AUTO ; Single Port ; 256          ; 8            ; --           ; --           ; 2048 ; instrucoes.mif ;
; Memoria:MEMORIA|lpm_ram_dq:MEM_plus_Three|altram:sram|altsyncram:ram_block|altsyncram_e1a1:auto_generated|ALTSYNCRAM ; AUTO ; Single Port ; 256          ; 8            ; --           ; --           ; 2048 ; instrucoes.mif ;
; Memoria:MEMORIA|lpm_ram_dq:MEM_plus_Two|altram:sram|altsyncram:ram_block|altsyncram_e1a1:auto_generated|ALTSYNCRAM   ; AUTO ; Single Port ; 256          ; 8            ; --           ; --           ; 2048 ; instrucoes.mif ;
; Memoria:MEMORIA|lpm_ram_dq:MEM|altram:sram|altsyncram:ram_block|altsyncram_e1a1:auto_generated|ALTSYNCRAM            ; AUTO ; Single Port ; 256          ; 8            ; --           ; --           ; 2048 ; instrucoes.mif ;
+----------------------------------------------------------------------------------------------------------------------+------+-------------+--------------+--------------+--------------+--------------+------+----------------+


Encoding Type:  One-Hot
+----------------------------------------------------------------------------------------------------------+
; State Machine - |Mips|Controle:CONTROLE|estadoAtual                                                      ;
+------------------------+------------------+------------------------+-------------------+-----------------+
; Name                   ; estadoAtual.Jump ; estadoAtual.Decodifica ; estadoAtual.Busca ; estadoAtual.RST ;
+------------------------+------------------+------------------------+-------------------+-----------------+
; estadoAtual.RST        ; 0                ; 0                      ; 0                 ; 0               ;
; estadoAtual.Busca      ; 0                ; 0                      ; 1                 ; 1               ;
; estadoAtual.Decodifica ; 0                ; 1                      ; 0                 ; 1               ;
; estadoAtual.Jump       ; 1                ; 0                      ; 0                 ; 1               ;
+------------------------+------------------+------------------------+-------------------+-----------------+


+----------------------------------------------------------------------------------------+
; Registers Removed During Synthesis                                                     ;
+------------------------------------------+---------------------------------------------+
; Register name                            ; Reason for Removal                          ;
+------------------------------------------+---------------------------------------------+
; Registrador:REG_ALU|Saida[0..31]         ; Stuck at GND due to stuck port clock_enable ;
; Registrador:REG_B|Saida[0..31]           ; Stuck at GND due to stuck port clock_enable ;
; Registrador:REG_A|Saida[0..31]           ; Stuck at GND due to stuck port clock_enable ;
; Banco_reg:BANCO_REG|Reg0[0..31]          ; Stuck at GND due to stuck port clock_enable ;
; Banco_reg:BANCO_REG|Reg1[0..31]          ; Stuck at GND due to stuck port clock_enable ;
; Banco_reg:BANCO_REG|Reg2[0..31]          ; Stuck at GND due to stuck port clock_enable ;
; Banco_reg:BANCO_REG|Reg3[0..31]          ; Stuck at GND due to stuck port clock_enable ;
; Banco_reg:BANCO_REG|Reg4[0..31]          ; Stuck at GND due to stuck port clock_enable ;
; Banco_reg:BANCO_REG|Reg5[0..31]          ; Stuck at GND due to stuck port clock_enable ;
; Banco_reg:BANCO_REG|Reg6[0..31]          ; Stuck at GND due to stuck port clock_enable ;
; Banco_reg:BANCO_REG|Reg7[0..31]          ; Stuck at GND due to stuck port clock_enable ;
; Banco_reg:BANCO_REG|Reg8[0..31]          ; Stuck at GND due to stuck port clock_enable ;
; Banco_reg:BANCO_REG|Reg9[0..31]          ; Stuck at GND due to stuck port clock_enable ;
; Banco_reg:BANCO_REG|Reg10[0..31]         ; Stuck at GND due to stuck port clock_enable ;
; Banco_reg:BANCO_REG|Reg11[0..31]         ; Stuck at GND due to stuck port clock_enable ;
; Banco_reg:BANCO_REG|Reg12[0..31]         ; Stuck at GND due to stuck port clock_enable ;
; Banco_reg:BANCO_REG|Reg13[0..31]         ; Stuck at GND due to stuck port clock_enable ;
; Banco_reg:BANCO_REG|Reg14[0..31]         ; Stuck at GND due to stuck port clock_enable ;
; Banco_reg:BANCO_REG|Reg15[0..31]         ; Stuck at GND due to stuck port clock_enable ;
; Banco_reg:BANCO_REG|Reg16[0..31]         ; Stuck at GND due to stuck port clock_enable ;
; Banco_reg:BANCO_REG|Reg17[0..31]         ; Stuck at GND due to stuck port clock_enable ;
; Banco_reg:BANCO_REG|Reg18[0..31]         ; Stuck at GND due to stuck port clock_enable ;
; Banco_reg:BANCO_REG|Reg19[0..31]         ; Stuck at GND due to stuck port clock_enable ;
; Banco_reg:BANCO_REG|Reg20[0..31]         ; Stuck at GND due to stuck port clock_enable ;
; Banco_reg:BANCO_REG|Reg21[0..31]         ; Stuck at GND due to stuck port clock_enable ;
; Banco_reg:BANCO_REG|Reg22[0..31]         ; Stuck at GND due to stuck port clock_enable ;
; Banco_reg:BANCO_REG|Reg23[0..31]         ; Stuck at GND due to stuck port clock_enable ;
; Banco_reg:BANCO_REG|Reg24[0..31]         ; Stuck at GND due to stuck port clock_enable ;
; Banco_reg:BANCO_REG|Reg25[0..31]         ; Stuck at GND due to stuck port clock_enable ;
; Banco_reg:BANCO_REG|Reg26[0..31]         ; Stuck at GND due to stuck port clock_enable ;
; Banco_reg:BANCO_REG|Reg27[0..31]         ; Stuck at GND due to stuck port clock_enable ;
; Banco_reg:BANCO_REG|Reg28[0..31]         ; Stuck at GND due to stuck port clock_enable ;
; Banco_reg:BANCO_REG|Reg29[0..31]         ; Stuck at GND due to stuck port clock_enable ;
; Banco_reg:BANCO_REG|Reg30[0..31]         ; Stuck at GND due to stuck port clock_enable ;
; Banco_reg:BANCO_REG|Reg31[31]            ; Stuck at GND due to stuck port clock_enable ;
; Registrador:MDR|Saida[31]                ; Lost fanout                                 ;
; Banco_reg:BANCO_REG|Reg31[30]            ; Stuck at GND due to stuck port clock_enable ;
; Registrador:MDR|Saida[30]                ; Lost fanout                                 ;
; Banco_reg:BANCO_REG|Reg31[29]            ; Stuck at GND due to stuck port clock_enable ;
; Registrador:MDR|Saida[29]                ; Lost fanout                                 ;
; Banco_reg:BANCO_REG|Reg31[28]            ; Stuck at GND due to stuck port clock_enable ;
; Registrador:MDR|Saida[28]                ; Lost fanout                                 ;
; Banco_reg:BANCO_REG|Reg31[27]            ; Stuck at GND due to stuck port clock_enable ;
; Registrador:MDR|Saida[27]                ; Lost fanout                                 ;
; Banco_reg:BANCO_REG|Reg31[26]            ; Stuck at GND due to stuck port clock_enable ;
; Registrador:MDR|Saida[26]                ; Lost fanout                                 ;
; Banco_reg:BANCO_REG|Reg31[25]            ; Stuck at GND due to stuck port clock_enable ;
; Registrador:MDR|Saida[25]                ; Lost fanout                                 ;
; Banco_reg:BANCO_REG|Reg31[24]            ; Stuck at GND due to stuck port clock_enable ;
; Registrador:MDR|Saida[24]                ; Lost fanout                                 ;
; Banco_reg:BANCO_REG|Reg31[23]            ; Stuck at GND due to stuck port clock_enable ;
; Registrador:MDR|Saida[23]                ; Lost fanout                                 ;
; Banco_reg:BANCO_REG|Reg31[22]            ; Stuck at GND due to stuck port clock_enable ;
; Registrador:MDR|Saida[22]                ; Lost fanout                                 ;
; Banco_reg:BANCO_REG|Reg31[21]            ; Stuck at GND due to stuck port clock_enable ;
; Registrador:MDR|Saida[21]                ; Lost fanout                                 ;
; Banco_reg:BANCO_REG|Reg31[20]            ; Stuck at GND due to stuck port clock_enable ;
; Registrador:MDR|Saida[20]                ; Lost fanout                                 ;
; Banco_reg:BANCO_REG|Reg31[19]            ; Stuck at GND due to stuck port clock_enable ;
; Registrador:MDR|Saida[19]                ; Lost fanout                                 ;
; Banco_reg:BANCO_REG|Reg31[18]            ; Stuck at GND due to stuck port clock_enable ;
; Registrador:MDR|Saida[18]                ; Lost fanout                                 ;
; Banco_reg:BANCO_REG|Reg31[17]            ; Stuck at GND due to stuck port clock_enable ;
; Registrador:MDR|Saida[17]                ; Lost fanout                                 ;
; Banco_reg:BANCO_REG|Reg31[16]            ; Stuck at GND due to stuck port clock_enable ;
; Registrador:MDR|Saida[16]                ; Lost fanout                                 ;
; Banco_reg:BANCO_REG|Reg31[15]            ; Stuck at GND due to stuck port clock_enable ;
; Registrador:MDR|Saida[15]                ; Lost fanout                                 ;
; Banco_reg:BANCO_REG|Reg31[14]            ; Stuck at GND due to stuck port clock_enable ;
; Registrador:MDR|Saida[14]                ; Lost fanout                                 ;
; Banco_reg:BANCO_REG|Reg31[13]            ; Stuck at GND due to stuck port clock_enable ;
; Registrador:MDR|Saida[13]                ; Lost fanout                                 ;
; Banco_reg:BANCO_REG|Reg31[12]            ; Stuck at GND due to stuck port clock_enable ;
; Registrador:MDR|Saida[12]                ; Lost fanout                                 ;
; Banco_reg:BANCO_REG|Reg31[11]            ; Stuck at GND due to stuck port clock_enable ;
; Registrador:MDR|Saida[11]                ; Lost fanout                                 ;
; Banco_reg:BANCO_REG|Reg31[10]            ; Stuck at GND due to stuck port clock_enable ;
; Registrador:MDR|Saida[10]                ; Lost fanout                                 ;
; Banco_reg:BANCO_REG|Reg31[9]             ; Stuck at GND due to stuck port clock_enable ;
; Registrador:MDR|Saida[9]                 ; Lost fanout                                 ;
; Banco_reg:BANCO_REG|Reg31[8]             ; Stuck at GND due to stuck port clock_enable ;
; Registrador:MDR|Saida[8]                 ; Lost fanout                                 ;
; Banco_reg:BANCO_REG|Reg31[7]             ; Stuck at GND due to stuck port clock_enable ;
; Registrador:MDR|Saida[7]                 ; Lost fanout                                 ;
; Banco_reg:BANCO_REG|Reg31[6]             ; Stuck at GND due to stuck port clock_enable ;
; Registrador:MDR|Saida[6]                 ; Lost fanout                                 ;
; Banco_reg:BANCO_REG|Reg31[5]             ; Stuck at GND due to stuck port clock_enable ;
; Registrador:MDR|Saida[5]                 ; Lost fanout                                 ;
; Banco_reg:BANCO_REG|Reg31[4]             ; Stuck at GND due to stuck port clock_enable ;
; Registrador:MDR|Saida[4]                 ; Lost fanout                                 ;
; Banco_reg:BANCO_REG|Reg31[3]             ; Stuck at GND due to stuck port clock_enable ;
; Registrador:MDR|Saida[3]                 ; Lost fanout                                 ;
; Banco_reg:BANCO_REG|Reg31[2]             ; Stuck at GND due to stuck port clock_enable ;
; Registrador:MDR|Saida[2]                 ; Lost fanout                                 ;
; Banco_reg:BANCO_REG|Reg31[1]             ; Stuck at GND due to stuck port clock_enable ;
; Registrador:MDR|Saida[1]                 ; Lost fanout                                 ;
; Banco_reg:BANCO_REG|Reg31[0]             ; Stuck at GND due to stuck port clock_enable ;
; Registrador:MDR|Saida[0]                 ; Lost fanout                                 ;
; Controle:CONTROLE|ULAOp[1]               ; Stuck at GND due to stuck port data_in      ;
; Controle:CONTROLE|ULAOp[0]               ; Stuck at VCC due to stuck port data_in      ;
; Controle:CONTROLE|PCSource               ; Stuck at GND due to stuck port data_in      ;
; Controle:CONTROLE|ULAOp[2]               ; Stuck at GND due to stuck port data_in      ;
; Controle:CONTROLE|ULASrcB[0]             ; Stuck at VCC due to stuck port data_in      ;
; Controle:CONTROLE|ULASrcB[1]             ; Stuck at GND due to stuck port data_in      ;
; Controle:CONTROLE|ULASrcA                ; Stuck at GND due to stuck port data_in      ;
; Controle:CONTROLE|MemRW                  ; Stuck at GND due to stuck port data_in      ;
; Registrador:PC|Saida[0]                  ; Merged with Registrador:PC|Saida[1]         ;
; Registrador:PC|Saida[1]                  ; Stuck at GND due to stuck port data_in      ;
; Controle:CONTROLE|estadoAtual~4          ; Lost fanout                                 ;
; Controle:CONTROLE|estadoAtual~5          ; Lost fanout                                 ;
; Controle:CONTROLE|estadoAtual~6          ; Lost fanout                                 ;
; Controle:CONTROLE|estadoAtual~7          ; Lost fanout                                 ;
; Controle:CONTROLE|estadoAtual~8          ; Lost fanout                                 ;
; Controle:CONTROLE|estadoAtual.Jump       ; Stuck at GND due to stuck port data_in      ;
; Total Number of Removed Registers = 1168 ;                                             ;
+------------------------------------------+---------------------------------------------+


+--------------------------------------------------------------------------------------------------------+
; Removed Registers Triggering Further Register Optimizations                                            ;
+------------------------------+--------------------------------+----------------------------------------+
; Register name                ; Reason for Removal             ; Registers Removed due to This Register ;
+------------------------------+--------------------------------+----------------------------------------+
; Registrador:REG_B|Saida[1]   ; Stuck at GND                   ; Registrador:PC|Saida[1]                ;
;                              ; due to stuck port clock_enable ;                                        ;
; Banco_reg:BANCO_REG|Reg0[31] ; Stuck at GND                   ; Registrador:MDR|Saida[31]              ;
;                              ; due to stuck port clock_enable ;                                        ;
; Banco_reg:BANCO_REG|Reg0[30] ; Stuck at GND                   ; Registrador:MDR|Saida[30]              ;
;                              ; due to stuck port clock_enable ;                                        ;
; Banco_reg:BANCO_REG|Reg0[29] ; Stuck at GND                   ; Registrador:MDR|Saida[29]              ;
;                              ; due to stuck port clock_enable ;                                        ;
; Banco_reg:BANCO_REG|Reg0[28] ; Stuck at GND                   ; Registrador:MDR|Saida[28]              ;
;                              ; due to stuck port clock_enable ;                                        ;
; Banco_reg:BANCO_REG|Reg0[27] ; Stuck at GND                   ; Registrador:MDR|Saida[27]              ;
;                              ; due to stuck port clock_enable ;                                        ;
; Banco_reg:BANCO_REG|Reg0[26] ; Stuck at GND                   ; Registrador:MDR|Saida[26]              ;
;                              ; due to stuck port clock_enable ;                                        ;
; Banco_reg:BANCO_REG|Reg0[25] ; Stuck at GND                   ; Registrador:MDR|Saida[25]              ;
;                              ; due to stuck port clock_enable ;                                        ;
; Banco_reg:BANCO_REG|Reg0[24] ; Stuck at GND                   ; Registrador:MDR|Saida[24]              ;
;                              ; due to stuck port clock_enable ;                                        ;
; Banco_reg:BANCO_REG|Reg0[23] ; Stuck at GND                   ; Registrador:MDR|Saida[23]              ;
;                              ; due to stuck port clock_enable ;                                        ;
; Banco_reg:BANCO_REG|Reg0[22] ; Stuck at GND                   ; Registrador:MDR|Saida[22]              ;
;                              ; due to stuck port clock_enable ;                                        ;
; Banco_reg:BANCO_REG|Reg0[21] ; Stuck at GND                   ; Registrador:MDR|Saida[21]              ;
;                              ; due to stuck port clock_enable ;                                        ;
; Banco_reg:BANCO_REG|Reg0[20] ; Stuck at GND                   ; Registrador:MDR|Saida[20]              ;
;                              ; due to stuck port clock_enable ;                                        ;
; Banco_reg:BANCO_REG|Reg0[19] ; Stuck at GND                   ; Registrador:MDR|Saida[19]              ;
;                              ; due to stuck port clock_enable ;                                        ;
; Banco_reg:BANCO_REG|Reg0[18] ; Stuck at GND                   ; Registrador:MDR|Saida[18]              ;
;                              ; due to stuck port clock_enable ;                                        ;
; Banco_reg:BANCO_REG|Reg0[17] ; Stuck at GND                   ; Registrador:MDR|Saida[17]              ;
;                              ; due to stuck port clock_enable ;                                        ;
; Banco_reg:BANCO_REG|Reg0[16] ; Stuck at GND                   ; Registrador:MDR|Saida[16]              ;
;                              ; due to stuck port clock_enable ;                                        ;
; Banco_reg:BANCO_REG|Reg0[15] ; Stuck at GND                   ; Registrador:MDR|Saida[15]              ;
;                              ; due to stuck port clock_enable ;                                        ;
; Banco_reg:BANCO_REG|Reg0[14] ; Stuck at GND                   ; Registrador:MDR|Saida[14]              ;
;                              ; due to stuck port clock_enable ;                                        ;
; Banco_reg:BANCO_REG|Reg0[13] ; Stuck at GND                   ; Registrador:MDR|Saida[13]              ;
;                              ; due to stuck port clock_enable ;                                        ;
; Banco_reg:BANCO_REG|Reg0[12] ; Stuck at GND                   ; Registrador:MDR|Saida[12]              ;
;                              ; due to stuck port clock_enable ;                                        ;
; Banco_reg:BANCO_REG|Reg0[11] ; Stuck at GND                   ; Registrador:MDR|Saida[11]              ;
;                              ; due to stuck port clock_enable ;                                        ;
; Banco_reg:BANCO_REG|Reg0[10] ; Stuck at GND                   ; Registrador:MDR|Saida[10]              ;
;                              ; due to stuck port clock_enable ;                                        ;
; Banco_reg:BANCO_REG|Reg0[9]  ; Stuck at GND                   ; Registrador:MDR|Saida[9]               ;
;                              ; due to stuck port clock_enable ;                                        ;
; Banco_reg:BANCO_REG|Reg0[8]  ; Stuck at GND                   ; Registrador:MDR|Saida[8]               ;
;                              ; due to stuck port clock_enable ;                                        ;
; Banco_reg:BANCO_REG|Reg0[7]  ; Stuck at GND                   ; Registrador:MDR|Saida[7]               ;
;                              ; due to stuck port clock_enable ;                                        ;
; Banco_reg:BANCO_REG|Reg0[6]  ; Stuck at GND                   ; Registrador:MDR|Saida[6]               ;
;                              ; due to stuck port clock_enable ;                                        ;
; Banco_reg:BANCO_REG|Reg0[5]  ; Stuck at GND                   ; Registrador:MDR|Saida[5]               ;
;                              ; due to stuck port clock_enable ;                                        ;
; Banco_reg:BANCO_REG|Reg0[4]  ; Stuck at GND                   ; Registrador:MDR|Saida[4]               ;
;                              ; due to stuck port clock_enable ;                                        ;
; Banco_reg:BANCO_REG|Reg0[3]  ; Stuck at GND                   ; Registrador:MDR|Saida[3]               ;
;                              ; due to stuck port clock_enable ;                                        ;
; Banco_reg:BANCO_REG|Reg0[2]  ; Stuck at GND                   ; Registrador:MDR|Saida[2]               ;
;                              ; due to stuck port clock_enable ;                                        ;
; Banco_reg:BANCO_REG|Reg0[1]  ; Stuck at GND                   ; Registrador:MDR|Saida[1]               ;
;                              ; due to stuck port clock_enable ;                                        ;
; Banco_reg:BANCO_REG|Reg0[0]  ; Stuck at GND                   ; Registrador:MDR|Saida[0]               ;
;                              ; due to stuck port clock_enable ;                                        ;
+------------------------------+--------------------------------+----------------------------------------+


+------------------------------------------------------+
; General Register Statistics                          ;
+----------------------------------------------+-------+
; Statistic                                    ; Value ;
+----------------------------------------------+-------+
; Total registers                              ; 67    ;
; Number of registers using Synchronous Clear  ; 0     ;
; Number of registers using Synchronous Load   ; 0     ;
; Number of registers using Asynchronous Clear ; 62    ;
; Number of registers using Asynchronous Load  ; 0     ;
; Number of registers using Clock Enable       ; 62    ;
; Number of registers using Preset             ; 0     ;
+----------------------------------------------+-------+


+-----------------------------------------------------------------------------------------------------------------------+
; Source assignments for Memoria:MEMORIA|LPM_RAM_DQ:MEM|altram:sram|altsyncram:ram_block|altsyncram_e1a1:auto_generated ;
+---------------------------------+--------------------+------+---------------------------------------------------------+
; Assignment                      ; Value              ; From ; To                                                      ;
+---------------------------------+--------------------+------+---------------------------------------------------------+
; OPTIMIZE_POWER_DURING_SYNTHESIS ; NORMAL_COMPILATION ; -    ; -                                                       ;
+---------------------------------+--------------------+------+---------------------------------------------------------+


+--------------------------------------------------------------------------------------------------------------------------------+
; Source assignments for Memoria:MEMORIA|LPM_RAM_DQ:MEM_plus_One|altram:sram|altsyncram:ram_block|altsyncram_e1a1:auto_generated ;
+---------------------------------+--------------------+------+------------------------------------------------------------------+
; Assignment                      ; Value              ; From ; To                                                               ;
+---------------------------------+--------------------+------+------------------------------------------------------------------+
; OPTIMIZE_POWER_DURING_SYNTHESIS ; NORMAL_COMPILATION ; -    ; -                                                                ;
+---------------------------------+--------------------+------+------------------------------------------------------------------+


+--------------------------------------------------------------------------------------------------------------------------------+
; Source assignments for Memoria:MEMORIA|LPM_RAM_DQ:MEM_plus_Two|altram:sram|altsyncram:ram_block|altsyncram_e1a1:auto_generated ;
+---------------------------------+--------------------+------+------------------------------------------------------------------+
; Assignment                      ; Value              ; From ; To                                                               ;
+---------------------------------+--------------------+------+------------------------------------------------------------------+
; OPTIMIZE_POWER_DURING_SYNTHESIS ; NORMAL_COMPILATION ; -    ; -                                                                ;
+---------------------------------+--------------------+------+------------------------------------------------------------------+


+----------------------------------------------------------------------------------------------------------------------------------+
; Source assignments for Memoria:MEMORIA|LPM_RAM_DQ:MEM_plus_Three|altram:sram|altsyncram:ram_block|altsyncram_e1a1:auto_generated ;
+---------------------------------+--------------------+------+--------------------------------------------------------------------+
; Assignment                      ; Value              ; From ; To                                                                 ;
+---------------------------------+--------------------+------+--------------------------------------------------------------------+
; OPTIMIZE_POWER_DURING_SYNTHESIS ; NORMAL_COMPILATION ; -    ; -                                                                  ;
+---------------------------------+--------------------+------+--------------------------------------------------------------------+


+-----------------------------------------------------------------------------+
; Parameter Settings for User Entity Instance: Memoria:MEMORIA|LPM_RAM_DQ:MEM ;
+------------------------+----------------+-----------------------------------+
; Parameter Name         ; Value          ; Type                              ;
+------------------------+----------------+-----------------------------------+
; LPM_WIDTH              ; 8              ; Signed Integer                    ;
; LPM_WIDTHAD            ; 8              ; Signed Integer                    ;
; LPM_NUMWORDS           ; 0              ; Signed Integer                    ;
; LPM_INDATA             ; REGISTERED     ; Untyped                           ;
; LPM_ADDRESS_CONTROL    ; REGISTERED     ; Untyped                           ;
; LPM_OUTDATA            ; REGISTERED     ; Untyped                           ;
; LPM_FILE               ; instrucoes.mif ; Untyped                           ;
; USE_EAB                ; ON             ; Untyped                           ;
; DEVICE_FAMILY          ; Cyclone II     ; Untyped                           ;
; CBXI_PARAMETER         ; NOTHING        ; Untyped                           ;
; AUTO_CARRY_CHAINS      ; ON             ; AUTO_CARRY                        ;
; IGNORE_CARRY_BUFFERS   ; OFF            ; IGNORE_CARRY                      ;
; AUTO_CASCADE_CHAINS    ; ON             ; AUTO_CASCADE                      ;
; IGNORE_CASCADE_BUFFERS ; OFF            ; IGNORE_CASCADE                    ;
+------------------------+----------------+-----------------------------------+
Note: In order to hide this table in the UI and the text report file, please set the "Show Parameter Settings Tables in Synthesis Report" option in "Analysis and Synthesis Settings -> More Settings" to "Off".


+--------------------------------------------------------------------------------------+
; Parameter Settings for User Entity Instance: Memoria:MEMORIA|LPM_RAM_DQ:MEM_plus_One ;
+------------------------+----------------+--------------------------------------------+
; Parameter Name         ; Value          ; Type                                       ;
+------------------------+----------------+--------------------------------------------+
; LPM_WIDTH              ; 8              ; Signed Integer                             ;
; LPM_WIDTHAD            ; 8              ; Signed Integer                             ;
; LPM_NUMWORDS           ; 0              ; Signed Integer                             ;
; LPM_INDATA             ; REGISTERED     ; Untyped                                    ;
; LPM_ADDRESS_CONTROL    ; REGISTERED     ; Untyped                                    ;
; LPM_OUTDATA            ; REGISTERED     ; Untyped                                    ;
; LPM_FILE               ; instrucoes.mif ; Untyped                                    ;
; USE_EAB                ; ON             ; Untyped                                    ;
; DEVICE_FAMILY          ; Cyclone II     ; Untyped                                    ;
; CBXI_PARAMETER         ; NOTHING        ; Untyped                                    ;
; AUTO_CARRY_CHAINS      ; ON             ; AUTO_CARRY                                 ;
; IGNORE_CARRY_BUFFERS   ; OFF            ; IGNORE_CARRY                               ;
; AUTO_CASCADE_CHAINS    ; ON             ; AUTO_CASCADE                               ;
; IGNORE_CASCADE_BUFFERS ; OFF            ; IGNORE_CASCADE                             ;
+------------------------+----------------+--------------------------------------------+
Note: In order to hide this table in the UI and the text report file, please set the "Show Parameter Settings Tables in Synthesis Report" option in "Analysis and Synthesis Settings -> More Settings" to "Off".


+--------------------------------------------------------------------------------------+
; Parameter Settings for User Entity Instance: Memoria:MEMORIA|LPM_RAM_DQ:MEM_plus_Two ;
+------------------------+----------------+--------------------------------------------+
; Parameter Name         ; Value          ; Type                                       ;
+------------------------+----------------+--------------------------------------------+
; LPM_WIDTH              ; 8              ; Signed Integer                             ;
; LPM_WIDTHAD            ; 8              ; Signed Integer                             ;
; LPM_NUMWORDS           ; 0              ; Signed Integer                             ;
; LPM_INDATA             ; REGISTERED     ; Untyped                                    ;
; LPM_ADDRESS_CONTROL    ; REGISTERED     ; Untyped                                    ;
; LPM_OUTDATA            ; REGISTERED     ; Untyped                                    ;
; LPM_FILE               ; instrucoes.mif ; Untyped                                    ;
; USE_EAB                ; ON             ; Untyped                                    ;
; DEVICE_FAMILY          ; Cyclone II     ; Untyped                                    ;
; CBXI_PARAMETER         ; NOTHING        ; Untyped                                    ;
; AUTO_CARRY_CHAINS      ; ON             ; AUTO_CARRY                                 ;
; IGNORE_CARRY_BUFFERS   ; OFF            ; IGNORE_CARRY                               ;
; AUTO_CASCADE_CHAINS    ; ON             ; AUTO_CASCADE                               ;
; IGNORE_CASCADE_BUFFERS ; OFF            ; IGNORE_CASCADE                             ;
+------------------------+----------------+--------------------------------------------+
Note: In order to hide this table in the UI and the text report file, please set the "Show Parameter Settings Tables in Synthesis Report" option in "Analysis and Synthesis Settings -> More Settings" to "Off".


+----------------------------------------------------------------------------------------+
; Parameter Settings for User Entity Instance: Memoria:MEMORIA|LPM_RAM_DQ:MEM_plus_Three ;
+------------------------+----------------+----------------------------------------------+
; Parameter Name         ; Value          ; Type                                         ;
+------------------------+----------------+----------------------------------------------+
; LPM_WIDTH              ; 8              ; Signed Integer                               ;
; LPM_WIDTHAD            ; 8              ; Signed Integer                               ;
; LPM_NUMWORDS           ; 0              ; Signed Integer                               ;
; LPM_INDATA             ; REGISTERED     ; Untyped                                      ;
; LPM_ADDRESS_CONTROL    ; REGISTERED     ; Untyped                                      ;
; LPM_OUTDATA            ; REGISTERED     ; Untyped                                      ;
; LPM_FILE               ; instrucoes.mif ; Untyped                                      ;
; USE_EAB                ; ON             ; Untyped                                      ;
; DEVICE_FAMILY          ; Cyclone II     ; Untyped                                      ;
; CBXI_PARAMETER         ; NOTHING        ; Untyped                                      ;
; AUTO_CARRY_CHAINS      ; ON             ; AUTO_CARRY                                   ;
; IGNORE_CARRY_BUFFERS   ; OFF            ; IGNORE_CARRY                                 ;
; AUTO_CASCADE_CHAINS    ; ON             ; AUTO_CASCADE                                 ;
; IGNORE_CASCADE_BUFFERS ; OFF            ; IGNORE_CASCADE                               ;
+------------------------+----------------+----------------------------------------------+
Note: In order to hide this table in the UI and the text report file, please set the "Show Parameter Settings Tables in Synthesis Report" option in "Analysis and Synthesis Settings -> More Settings" to "Off".


+--------------------------------------------------+
; Port Connectivity Checks: "Registrador:REG_ALU"  ;
+------+-------+----------+------------------------+
; Port ; Type  ; Severity ; Details                ;
+------+-------+----------+------------------------+
; load ; Input ; Info     ; Explicitly unconnected ;
+------+-------+----------+------------------------+


+------------------------------------------------------------------------------------------------------------------------------------------------------------------------------+
; Port Connectivity Checks: "Mux_4_1_32Bits:MUX_PC"                                                                                                                            ;
+---------+-------+----------+-------------------------------------------------------------------------------------------------------------------------------------------------+
; Port    ; Type  ; Severity ; Details                                                                                                                                         ;
+---------+-------+----------+-------------------------------------------------------------------------------------------------------------------------------------------------+
; tres    ; Input ; Info     ; Explicitly unconnected                                                                                                                          ;
; seletor ; Input ; Warning  ; Input port expression (1 bits) is smaller than the input port (2 bits) it drives.  Extra input bit(s) "seletor[1..1]" will be connected to GND. ;
+---------+-------+----------+-------------------------------------------------------------------------------------------------------------------------------------------------+


+--------------------------------------------------------------------------------------------------------------------+
; Port Connectivity Checks: "Ula32:ULA"                                                                              ;
+----------+--------+----------+-------------------------------------------------------------------------------------+
; Port     ; Type   ; Severity ; Details                                                                             ;
+----------+--------+----------+-------------------------------------------------------------------------------------+
; overflow ; Output ; Info     ; Connected to dangling logic. Logic that only feeds a dangling port will be removed. ;
; negativo ; Output ; Info     ; Connected to dangling logic. Logic that only feeds a dangling port will be removed. ;
; igual    ; Output ; Info     ; Connected to dangling logic. Logic that only feeds a dangling port will be removed. ;
; maior    ; Output ; Info     ; Connected to dangling logic. Logic that only feeds a dangling port will be removed. ;
; menor    ; Output ; Info     ; Connected to dangling logic. Logic that only feeds a dangling port will be removed. ;
+----------+--------+----------+-------------------------------------------------------------------------------------+


+----------------------------------------------------------------------------------------------------------------------------------------------------------------------------+
; Port Connectivity Checks: "Mux_4_1_32Bits:MUX_ULA_B"                                                                                                                       ;
+----------+-------+----------+----------------------------------------------------------------------------------------------------------------------------------------------+
; Port     ; Type  ; Severity ; Details                                                                                                                                      ;
+----------+-------+----------+----------------------------------------------------------------------------------------------------------------------------------------------+
; um       ; Input ; Warning  ; Input port expression (3 bits) is smaller than the input port (32 bits) it drives.  Extra input bit(s) "um[31..3]" will be connected to GND. ;
; um[1..0] ; Input ; Info     ; Stuck at GND                                                                                                                                 ;
; um[31]   ; Input ; Info     ; Stuck at VCC                                                                                                                                 ;
+----------+-------+----------+----------------------------------------------------------------------------------------------------------------------------------------------+


+--------------------------------------------------+
; Port Connectivity Checks: "Registrador:REG_B"    ;
+------+-------+----------+------------------------+
; Port ; Type  ; Severity ; Details                ;
+------+-------+----------+------------------------+
; load ; Input ; Info     ; Explicitly unconnected ;
+------+-------+----------+------------------------+


+--------------------------------------------------+
; Port Connectivity Checks: "Registrador:REG_A"    ;
+------+-------+----------+------------------------+
; Port ; Type  ; Severity ; Details                ;
+------+-------+----------+------------------------+
; load ; Input ; Info     ; Explicitly unconnected ;
+------+-------+----------+------------------------+


+------------------------------------------------------+
; Port Connectivity Checks: "Banco_reg:BANCO_REG"      ;
+----------+-------+----------+------------------------+
; Port     ; Type  ; Severity ; Details                ;
+----------+-------+----------+------------------------+
; regwrite ; Input ; Info     ; Explicitly unconnected ;
+----------+-------+----------+------------------------+


+--------------------------------------------------------+
; Port Connectivity Checks: "Mux_2_1_32Bits:MUX_ESCRITA" ;
+---------+-------+----------+---------------------------+
; Port    ; Type  ; Severity ; Details                   ;
+---------+-------+----------+---------------------------+
; zero    ; Input ; Info     ; Explicitly unconnected    ;
; seletor ; Input ; Info     ; Explicitly unconnected    ;
+---------+-------+----------+---------------------------+


+-------------------------------------------------------+
; Port Connectivity Checks: "Mux_2_1_5Bits:MUX_SEL_REG" ;
+---------+-------+----------+--------------------------+
; Port    ; Type  ; Severity ; Details                  ;
+---------+-------+----------+--------------------------+
; seletor ; Input ; Info     ; Explicitly unconnected   ;
+---------+-------+----------+--------------------------+


+--------------------------------------------------+
; Port Connectivity Checks: "Registrador:MDR"      ;
+------+-------+----------+------------------------+
; Port ; Type  ; Severity ; Details                ;
+------+-------+----------+------------------------+
; load ; Input ; Info     ; Explicitly unconnected ;
+------+-------+----------+------------------------+


+-----------------------------------------------------------------------------------------------------------------+
; Port Connectivity Checks: "Mux_2_1_32Bits:MUX_MEMORIA"                                                          ;
+-------+--------+----------+-------------------------------------------------------------------------------------+
; Port  ; Type   ; Severity ; Details                                                                             ;
+-------+--------+----------+-------------------------------------------------------------------------------------+
; saida ; Output ; Info     ; Connected to dangling logic. Logic that only feeds a dangling port will be removed. ;
+-------+--------+----------+-------------------------------------------------------------------------------------+


+-----------------------------------------------------------------------------------------------------------------------------------------+
; Port Connectivity Checks: "Controle:CONTROLE"                                                                                           ;
+----------+--------+----------+----------------------------------------------------------------------------------------------------------+
; Port     ; Type   ; Severity ; Details                                                                                                  ;
+----------+--------+----------+----------------------------------------------------------------------------------------------------------+
; MemRead  ; Output ; Warning  ; Declared by entity but not connected by instance. Logic that only feeds a dangling port will be removed. ;
; MemWrite ; Output ; Warning  ; Declared by entity but not connected by instance. Logic that only feeds a dangling port will be removed. ;
; MemtoReg ; Output ; Warning  ; Declared by entity but not connected by instance. Logic that only feeds a dangling port will be removed. ;
; RegWrite ; Output ; Warning  ; Declared by entity but not connected by instance. Logic that only feeds a dangling port will be removed. ;
; RegDst   ; Output ; Warning  ; Declared by entity but not connected by instance. Logic that only feeds a dangling port will be removed. ;
+----------+--------+----------+----------------------------------------------------------------------------------------------------------+


+-------------------------------+
; Analysis & Synthesis Messages ;
+-------------------------------+
Info: *******************************************************************
Info: Running Quartus II Analysis & Synthesis
    Info: Version 9.1 Build 350 03/24/2010 Service Pack 2 SJ Web Edition
    Info: Processing started: Thu Apr 26 00:27:58 2018
Info: Command: quartus_map --read_settings_files=on --write_settings_files=off Mips -c Mips
Info: Found 1 design units, including 1 entities, in source file mips.sv
    Info: Found entity 1: Mips
Info: Found 3 design units, including 1 entities, in source file componentes do projeto/memoria.vhd
    Info: Found design unit 1: ram_constants
    Info: Found design unit 2: Memoria-behavioral_arch
    Info: Found entity 1: Memoria
Info: Found 2 design units, including 1 entities, in source file componentes do projeto/registrador.vhd
    Info: Found design unit 1: Registrador-behavioral_arch
    Info: Found entity 1: Registrador
Info: Found 2 design units, including 1 entities, in source file componentes do projeto/instr_reg.vhd
    Info: Found design unit 1: Instr_Reg-behavioral_arch
    Info: Found entity 1: Instr_Reg
Info: Found 2 design units, including 1 entities, in source file componentes do projeto/regdesloc.vhd
    Info: Found design unit 1: RegDesloc-behavioral_arch
    Info: Found entity 1: RegDesloc
Info: Found 2 design units, including 1 entities, in source file componentes do projeto/ula32.vhd
    Info: Found design unit 1: Ula32-behavioral
    Info: Found entity 1: Ula32
Info: Found 1 design units, including 1 entities, in source file componentes do projeto/mux_2_1_32bits.sv
    Info: Found entity 1: Mux_2_1_32Bits
Info: Found 1 design units, including 1 entities, in source file componentes do projeto/extensor_sinal.sv
    Info: Found entity 1: Extensor_Sinal
Info: Found 1 design units, including 1 entities, in source file componentes do projeto/controle.sv
    Info: Found entity 1: Controle
Info: Found 2 design units, including 1 entities, in source file componentes do projeto/banco_reg.vhd
    Info: Found design unit 1: Banco_reg-behavioral_arch
    Info: Found entity 1: Banco_reg
Info: Found 1 design units, including 1 entities, in source file componentes do projeto/mux_4_1_32bits.sv
    Info: Found entity 1: Mux_4_1_32Bits
Info: Found 1 design units, including 1 entities, in source file componentes do projeto/mux_2_1_5bits.sv
    Info: Found entity 1: Mux_2_1_5Bits
Info: Found 1 design units, including 1 entities, in source file componentes do projeto/shift_left_26_28.sv
    Info: Found entity 1: Shift_Left_26_28
Info: Found 1 design units, including 1 entities, in source file componentes do projeto/shift_left_32_32.sv
    Info: Found entity 1: Shift_Left_32_32
Info: Elaborating entity "Mips" for the top level hierarchy
Info: Elaborating entity "Controle" for hierarchy "Controle:CONTROLE"
Info: Elaborating entity "Registrador" for hierarchy "Registrador:PC"
Info: Elaborating entity "Mux_2_1_32Bits" for hierarchy "Mux_2_1_32Bits:MUX_MEMORIA"
Info: Elaborating entity "Memoria" for hierarchy "Memoria:MEMORIA"
Info: Elaborating entity "LPM_RAM_DQ" for hierarchy "Memoria:MEMORIA|LPM_RAM_DQ:MEM"
Info: Elaborated megafunction instantiation "Memoria:MEMORIA|LPM_RAM_DQ:MEM"
Info: Instantiated megafunction "Memoria:MEMORIA|LPM_RAM_DQ:MEM" with the following parameter:
    Info: Parameter "LPM_WIDTH" = "8"
    Info: Parameter "LPM_WIDTHAD" = "8"
    Info: Parameter "LPM_NUMWORDS" = "0"
    Info: Parameter "LPM_INDATA" = "REGISTERED"
    Info: Parameter "LPM_ADDRESS_CONTROL" = "REGISTERED"
    Info: Parameter "LPM_OUTDATA" = "REGISTERED"
    Info: Parameter "LPM_FILE" = "instrucoes.mif"
    Info: Parameter "LPM_TYPE" = "LPM_RAM_DQ"
    Info: Parameter "USE_EAB" = "ON"
    Info: Parameter "INTENDED_DEVICE_FAMILY" = "UNUSED"
    Info: Parameter "LPM_HINT" = "UNUSED"
Info: Elaborating entity "altram" for hierarchy "Memoria:MEMORIA|LPM_RAM_DQ:MEM|altram:sram"
Warning: Assertion warning: altram does not support Cyclone II device family -- attempting best-case memory conversions, but power-up states and read during write behavior will be different for Cyclone II devices
Info: Elaborated megafunction instantiation "Memoria:MEMORIA|LPM_RAM_DQ:MEM|altram:sram", which is child of megafunction instantiation "Memoria:MEMORIA|LPM_RAM_DQ:MEM"
Info: Elaborating entity "altsyncram" for hierarchy "Memoria:MEMORIA|LPM_RAM_DQ:MEM|altram:sram|altsyncram:ram_block"
Info: Elaborated megafunction instantiation "Memoria:MEMORIA|LPM_RAM_DQ:MEM|altram:sram|altsyncram:ram_block", which is child of megafunction instantiation "Memoria:MEMORIA|LPM_RAM_DQ:MEM"
Info: Found 1 design units, including 1 entities, in source file db/altsyncram_e1a1.tdf
    Info: Found entity 1: altsyncram_e1a1
Info: Elaborating entity "altsyncram_e1a1" for hierarchy "Memoria:MEMORIA|LPM_RAM_DQ:MEM|altram:sram|altsyncram:ram_block|altsyncram_e1a1:auto_generated"
Info: Elaborating entity "Instr_Reg" for hierarchy "Instr_Reg:REG_INST"
Info: Elaborating entity "Mux_2_1_5Bits" for hierarchy "Mux_2_1_5Bits:MUX_SEL_REG"
Info: Elaborating entity "Extensor_Sinal" for hierarchy "Extensor_Sinal:EXTENSOR_SINAL"
Info: Elaborating entity "Shift_Left_32_32" for hierarchy "Shift_Left_32_32:SL_EXTENSOR"
Info: Elaborating entity "Banco_reg" for hierarchy "Banco_reg:BANCO_REG"
Info: Elaborating entity "Mux_4_1_32Bits" for hierarchy "Mux_4_1_32Bits:MUX_ULA_B"
Info: Elaborating entity "Shift_Left_26_28" for hierarchy "Shift_Left_26_28:SL_JUMP"
Info: Elaborating entity "Ula32" for hierarchy "Ula32:ULA"
Warning: 3 hierarchies have connectivity warnings - see the Connectivity Checks report folder
Warning: Output pins are stuck at VCC or GND
    Warning (13410): Pin "PC_O[0]" is stuck at GND
    Warning (13410): Pin "PC_O[1]" is stuck at GND
    Warning (13410): Pin "ULA_O[0]" is stuck at GND
    Warning (13410): Pin "ULA_O[1]" is stuck at GND
    Warning (13410): Pin "JUMP_O[0]" is stuck at GND
    Warning (13410): Pin "JUMP_O[1]" is stuck at GND
Info: 37 registers lost all their fanouts during netlist optimizations. The first 37 are displayed below.
    Info: Register "Registrador:MDR|Saida[31]" lost all its fanouts during netlist optimizations.
    Info: Register "Registrador:MDR|Saida[30]" lost all its fanouts during netlist optimizations.
    Info: Register "Registrador:MDR|Saida[29]" lost all its fanouts during netlist optimizations.
    Info: Register "Registrador:MDR|Saida[28]" lost all its fanouts during netlist optimizations.
    Info: Register "Registrador:MDR|Saida[27]" lost all its fanouts during netlist optimizations.
    Info: Register "Registrador:MDR|Saida[26]" lost all its fanouts during netlist optimizations.
    Info: Register "Registrador:MDR|Saida[25]" lost all its fanouts during netlist optimizations.
    Info: Register "Registrador:MDR|Saida[24]" lost all its fanouts during netlist optimizations.
    Info: Register "Registrador:MDR|Saida[23]" lost all its fanouts during netlist optimizations.
    Info: Register "Registrador:MDR|Saida[22]" lost all its fanouts during netlist optimizations.
    Info: Register "Registrador:MDR|Saida[21]" lost all its fanouts during netlist optimizations.
    Info: Register "Registrador:MDR|Saida[20]" lost all its fanouts during netlist optimizations.
    Info: Register "Registrador:MDR|Saida[19]" lost all its fanouts during netlist optimizations.
    Info: Register "Registrador:MDR|Saida[18]" lost all its fanouts during netlist optimizations.
    Info: Register "Registrador:MDR|Saida[17]" lost all its fanouts during netlist optimizations.
    Info: Register "Registrador:MDR|Saida[16]" lost all its fanouts during netlist optimizations.
    Info: Register "Registrador:MDR|Saida[15]" lost all its fanouts during netlist optimizations.
    Info: Register "Registrador:MDR|Saida[14]" lost all its fanouts during netlist optimizations.
    Info: Register "Registrador:MDR|Saida[13]" lost all its fanouts during netlist optimizations.
    Info: Register "Registrador:MDR|Saida[12]" lost all its fanouts during netlist optimizations.
    Info: Register "Registrador:MDR|Saida[11]" lost all its fanouts during netlist optimizations.
    Info: Register "Registrador:MDR|Saida[10]" lost all its fanouts during netlist optimizations.
    Info: Register "Registrador:MDR|Saida[9]" lost all its fanouts during netlist optimizations.
    Info: Register "Registrador:MDR|Saida[8]" lost all its fanouts during netlist optimizations.
    Info: Register "Registrador:MDR|Saida[7]" lost all its fanouts during netlist optimizations.
    Info: Register "Registrador:MDR|Saida[6]" lost all its fanouts during netlist optimizations.
    Info: Register "Registrador:MDR|Saida[5]" lost all its fanouts during netlist optimizations.
    Info: Register "Registrador:MDR|Saida[4]" lost all its fanouts during netlist optimizations.
    Info: Register "Registrador:MDR|Saida[3]" lost all its fanouts during netlist optimizations.
    Info: Register "Registrador:MDR|Saida[2]" lost all its fanouts during netlist optimizations.
    Info: Register "Registrador:MDR|Saida[1]" lost all its fanouts during netlist optimizations.
    Info: Register "Registrador:MDR|Saida[0]" lost all its fanouts during netlist optimizations.
    Info: Register "Controle:CONTROLE|estadoAtual~4" lost all its fanouts during netlist optimizations.
    Info: Register "Controle:CONTROLE|estadoAtual~5" lost all its fanouts during netlist optimizations.
    Info: Register "Controle:CONTROLE|estadoAtual~6" lost all its fanouts during netlist optimizations.
    Info: Register "Controle:CONTROLE|estadoAtual~7" lost all its fanouts during netlist optimizations.
    Info: Register "Controle:CONTROLE|estadoAtual~8" lost all its fanouts during netlist optimizations.
Info: Generated suppressed messages file C:/Users/Gabriel Alves/Documents/InfraHard/projeto/Mips.map.smsg
Info: Implemented 301 device resources after synthesis - the final resource count might be different
    Info: Implemented 2 input pins
    Info: Implemented 160 output pins
    Info: Implemented 107 logic cells
    Info: Implemented 32 RAM segments
Info: Quartus II Analysis & Synthesis was successful. 0 errors, 9 warnings
    Info: Peak virtual memory: 312 megabytes
    Info: Processing ended: Thu Apr 26 00:28:02 2018
    Info: Elapsed time: 00:00:04
    Info: Total CPU time (on all processors): 00:00:07


+------------------------------------------+
; Analysis & Synthesis Suppressed Messages ;
+------------------------------------------+
The suppressed messages can be found in C:/Users/Gabriel Alves/Documents/InfraHard/projeto/Mips.map.smsg.


